// Vitest Snapshot v1, https://vitest.dev/guide/snapshot.html

exports[`elyInput > icon > size LARGE 1`] = `
"<span class=\\"relative\\"><input class=\\"border border-koromiko-600 shadow-sm focus:ring-1 focus:ring-koromiko-700 focus:border-koromiko-700 outline-none transition-all duration-200 ease-in-out w-full disabled:cursor-not-allowed disabled:bg-koromiko-800/10 disabled:text-koromiko-900 text-base px-4 py-3 pl-10\\" name=\\"email\\" type=\\"email\\" placeholder=\\"Enter your email\\"><span class=\\"pointer-events-none absolute inset-y-0 start-0 flex h-full items-center text-koromiko-600 w-10 pl-3 [&amp;>*]:h-6 [&amp;>svg]:w-6\\"><svg>mock icon</svg></span>
<!--v-if--></span>"
`;

exports[`elyInput > icon > size MEDIUM 1`] = `
"<span class=\\"relative\\"><input class=\\"border border-koromiko-600 shadow-sm focus:ring-1 focus:ring-koromiko-700 focus:border-koromiko-700 outline-none transition-all duration-200 ease-in-out w-full disabled:cursor-not-allowed disabled:bg-koromiko-800/10 disabled:text-koromiko-900 text-sm px-3 py-2 pl-8\\" name=\\"email\\" type=\\"email\\" placeholder=\\"Enter your email\\"><span class=\\"pointer-events-none absolute inset-y-0 start-0 flex h-full items-center text-koromiko-600 w-8 pl-2 [&amp;>*]:h-4 [&amp;>svg]:w-4\\"><svg>mock icon</svg></span>
<!--v-if--></span>"
`;

exports[`elyInput > icon > size SMALL 1`] = `
"<span class=\\"relative\\"><input class=\\"border border-koromiko-600 shadow-sm focus:ring-1 focus:ring-koromiko-700 focus:border-koromiko-700 outline-none transition-all duration-200 ease-in-out w-full disabled:cursor-not-allowed disabled:bg-koromiko-800/10 disabled:text-koromiko-900 text-xs px-2 py-1 pl-6\\" name=\\"email\\" type=\\"email\\" placeholder=\\"Enter your email\\"><span class=\\"pointer-events-none absolute inset-y-0 start-0 flex h-full items-center text-koromiko-600 w-6 pl-1 [&amp;>*]:h-2 [&amp;>svg]:w-2\\"><svg>mock icon</svg></span>
<!--v-if--></span>"
`;

exports[`elyInput > renders with custom props and triggers input event 1`] = `"<span class=\\"relative\\"><input class=\\"border border-koromiko-600 shadow-sm focus:ring-1 focus:ring-koromiko-700 focus:border-koromiko-700 outline-none transition-all duration-200 ease-in-out w-full disabled:cursor-not-allowed disabled:bg-koromiko-800/10 disabled:text-koromiko-900 custom-input-class text-sm px-3 py-2\\" name=\\"email\\" type=\\"email\\" required=\\"\\" placeholder=\\"Enter your email\\"><!--v-if--><!--v-if--></span>"`;

exports[`elyInput > renders with default props 1`] = `"<span class=\\"relative\\"><input class=\\"border border-koromiko-600 shadow-sm focus:ring-1 focus:ring-koromiko-700 focus:border-koromiko-700 outline-none transition-all duration-200 ease-in-out w-full disabled:cursor-not-allowed disabled:bg-koromiko-800/10 disabled:text-koromiko-900 text-sm px-3 py-2\\" type=\\"text\\"><!--v-if--><!--v-if--></span>"`;
