// Vitest Snapshot v1, https://vitest.dev/guide/snapshot.html

exports[`elyTextarea > renders with custom props and triggers input event 1`] = `"<span class="relative"><textarea id="custom-input-id" name="description" rows="5" required="" placeholder="Enter your description" class="border border-koromiko-600 shadow-sm focus:ring-1 focus:ring-koromiko-700 focus:border-koromiko-700 outline-none transition-all duration-200 ease-in-out w-full disabled:cursor-not-allowed disabled:opacity-75 custom-input-class text-base px-4 py-3 resize-none"></textarea></span>"`;

exports[`elyTextarea > renders with default props 1`] = `"<span class="relative"><textarea rows="3" class="border border-koromiko-600 shadow-sm focus:ring-1 focus:ring-koromiko-700 focus:border-koromiko-700 outline-none transition-all duration-200 ease-in-out w-full disabled:cursor-not-allowed disabled:opacity-75 text-sm px-3 py-2 resize"></textarea></span>"`;
